
> my-needle-engine-project@1.0.0 build:production
> vite build -- --production --production

Needle Engine Version: 4.11.5 Unity 6000.2.14f1, Needle Engine Integration @4.11.5
[needle-identifier] INFO: Fetching project identifier...
[needle-dependencies] Adding three-mesh-bvh to the optimizeDeps.exclude array to support workers.
[needle-dependencies] Adding @needle-tools/gltf-progressive to the optimizeDeps.exclude array to support workers.
[needle-dependencies] registering manualChunks
[needle-license] INFO: Fetching license...
[needle-license] INFO: Successfully received "BASIC" license
vite v4.3.9 building for production...
[needle-copy-files] - Copy files at start
[needle-copy-files] - Copy engine include to /Users/jamestunick/Applications/WarpJobs/web-needle-samples/projects/Needle Engine Samples 2021.3/Library/Needle/Sample/include
[needle-copy-files] - Clearing target directory "/Users/jamestunick/Applications/WarpJobs/web-needle-samples/projects/Needle Engine Samples 2021.3/Library/Needle/Sample/dist/assets"
[needle-copy-files] - Copy assets to dist/assets
[needle-copy-files] - Copy include to dist/include
Needle: meta.image is set but absolutePath is null in userSettings. Skipping meta.image.
Needle Engine version: 4.11.5
[needle:asap] Insert head glTF preload link: /assets/Screensharing.glb?url
transforming...
[needle:peerjs] Fixed WebRTC assignment
✓ 540 modules transformed.
rendering chunks...
[rollup] Rewrite worker 'self.location' to 'import.meta.url' in assets/GenerateMeshBVHWorker.!~{00c}~.js
[rollup] Rewrite worker 'self.location' to 'import.meta.url' in assets/gltf-progressive.!~{002}~.js
[needle-app] created needle-app.js
computing gzip size...
[needle-buildpipeline] 1 file(s) to process in /Users/jamestunick/Applications/WarpJobs/web-needle-samples/projects/Needle Engine Samples 2021.3/Library/Needle/Sample/dist/assets
[needle-buildpipeline] Removing temporary output directory at /Users/jamestunick/Applications/WarpJobs/web-needle-samples/projects/Needle Engine Samples 2021.3/Library/Needle/Sample/node_modules/.needle/build-pipeline/output
[needle-buildpipeline] Running compression locally using version 'stable'
dist/index.html                                     5.03 kB │ gzip:   2.18 kB
dist/assets/favicon.8d99ceea.ico                   15.09 kB
dist/assets/generateMeshBVH.worker-d64995f6.js    223.71 kB
dist/assets/loader.worker-6e061443.js             391.35 kB
dist/assets/Screensharing.glb                     677.42 kB
dist/assets/index.7f6e353c.css                      0.13 kB │ gzip:   0.12 kB
dist/assets/index-40fdb8e4.js                       1.85 kB │ gzip:   0.88 kB
dist/assets/GenerateMeshBVHWorker.f1797e54.js       2.21 kB │ gzip:   1.03 kB
dist/assets/index.8af97632.js                       8.56 kB │ gzip:   2.97 kB
dist/assets/index.d7be2e3b.js                      10.38 kB │ gzip:   2.44 kB
dist/assets/index.063f586e.js                      33.11 kB │ gzip:  10.90 kB
dist/assets/gltf-progressive.c237dbf7.js           41.23 kB │ gzip:  14.39 kB
dist/assets/MeshBVH.1ed346cd.js                    43.69 kB │ gzip:  14.31 kB
dist/assets/three-mesh-ui.9f930f69.js             115.07 kB │ gzip:  27.81 kB
dist/assets/three-quarks.0224a333.js              149.68 kB │ gzip:  34.78 kB
dist/assets/postprocessing.ao.eb105baf.js         163.57 kB │ gzip:  78.25 kB
dist/assets/register_types.639bd12f.js            293.13 kB │ gzip:  95.66 kB
dist/assets/postprocessing.21e89a04.js            319.79 kB │ gzip: 112.32 kB
dist/assets/three-examples.83c9f420.js            359.46 kB │ gzip: 115.17 kB
dist/assets/three@0.169.11.js                     977.07 kB │ gzip: 259.23 kB
dist/assets/needle-engine@4.11.5.js             1,558.16 kB │ gzip: 432.82 kB
dist/assets/rapier3d.7bf9deb5.js                2,237.28 kB │ gzip: 830.43 kB

(!) Some chunks are larger than 500 kBs after minification. Consider:
- Using dynamic import() to code-split the application
- Use build.rollupOptions.output.manualChunks to improve chunking: https://rollupjs.org/configuration-options/#output-manualchunks
- Adjust chunk size limit for this warning via build.chunkSizeWarningLimit.
[needle-copy-files] - Copy files at end
[needle-copy-files] - Copy engine include to /Users/jamestunick/Applications/WarpJobs/web-needle-samples/projects/Needle Engine Samples 2021.3/Library/Needle/Sample/include
[needle-copy-files] - Copy assets to dist/assets
[needle-copy-files] - Copy include to dist/include
[needle-buildinfo] - Waiting for build pipeline to finish
[needle-buildpipeline] Waiting for build pipeline to finish...
✓ built in 6.89s
[needle-buildpipeline] objc[20935]: Class GNotificationCenterDelegate is implemented in both /Users/jamestunick/.npm/_npx/8af9d2a9d5ef110e/node_modules/@gltf-transform/functions/node_modules/@img/sharp-libvips-darwin-arm64/lib/libvips-cpp.8.17.3.dylib (0x120ddd978) and /Users/jamestunick/.npm/_npx/8af9d2a9d5ef110e/node_modules/@img/sharp-libvips-darwin-arm64/lib/libvips-cpp.42.dylib (0x121ee9a28). This may cause spurious casting failures and mysterious crashes. One of the duplicates must be removed or renamed.
[needle-buildpipeline] info: [Needle Build Pipeline] v2.14.0-alpha — Transform '/Users/jamestunick/Applications/WarpJobs/web-needle-samples/projects/Needle Engine Samples 2021.3/Library/Needle/Sample/dist/assets'
[needle-buildpipeline] info: No "gltf" config found in needle.config.json. Using default config.
[needle-buildpipeline] info: No config found. Using default config.
[needle-buildpipeline] info: → Transform /Users/jamestunick/Applications/WarpJobs/web-needle-samples/projects/Needle Engine Samples 2021.3/Library/Needle/Sample/dist/assets/DefaultAvatar.glb
[needle-buildpipeline] [NEEDLE_progressive] Skipping, unsupported texture type "image/exr at 0".
[needle-buildpipeline] metalRough: KHR_materials_pbrSpecularGlossiness not found on document.
[needle-buildpipeline] info: → Compressing 0.0 MB: /Users/jamestunick/Applications/WarpJobs/web-needle-samples/projects/Needle Engine Samples 2021.3/Library/Needle/Sample/node_modules/.needle/build-pipeline/output/DefaultAvatar.glb
[needle-buildpipeline] INFO: Environment variable 'NEEDLE_TOKTX' not set. Use 'NEEDLE_TOKTX' to specify the directory of the toktx installation (path/to/bin)
[needle-buildpipeline] metalRough: KHR_materials_pbrSpecularGlossiness not found on document.
WARN: Unable to find "toktx". Confirm KTX-Software is installed from: https://github.com/KhronosGroup/KTX-Software.
WARN: toktx not found, skipping texture compression. Please install KTX-Software >= 4.3.0
WARN: Could not validate image type for "image/exr"
[needle-buildpipeline] info: ← Writing to /Users/jamestunick/Applications/WarpJobs/web-needle-samples/projects/Needle Engine Samples 2021.3/Library/Needle/Sample/node_modules/.needle/build-pipeline/output/DefaultAvatar.glb
[needle-buildpipeline] info: ← Compressing done in 0.0 sec, 0.0 MB → 0.0 MB (GPU: 0.0 MB textures): DefaultAvatar.glb at /Users/jamestunick/Applications/WarpJobs/web-needle-samples/projects/Needle Engine Samples 2021.3/Library/Needle/Sample/node_modules/.needle/build-pipeline/output/DefaultAvatar.glb
[needle-buildpipeline] info: → Transform /Users/jamestunick/Applications/WarpJobs/web-needle-samples/projects/Needle Engine Samples 2021.3/Library/Needle/Sample/dist/assets/DefaultSyncCamera.glb
[needle-buildpipeline] [NEEDLE_progressive] Skipping, unsupported texture type "image/exr at 0".
[needle-buildpipeline] metalRough: KHR_materials_pbrSpecularGlossiness not found on document.
[needle-buildpipeline] info: → Compressing 0.1 MB: /Users/jamestunick/Applications/WarpJobs/web-needle-samples/projects/Needle Engine Samples 2021.3/Library/Needle/Sample/node_modules/.needle/build-pipeline/output/DefaultSyncCamera.glb
[needle-buildpipeline] Missing optional extension, "NEEDLE_progressive_mesh_settings".
[needle-buildpipeline] metalRough: KHR_materials_pbrSpecularGlossiness not found on document.
WARN: Unable to find "toktx". Confirm KTX-Software is installed from: https://github.com/KhronosGroup/KTX-Software.
WARN: toktx not found, skipping texture compression. Please install KTX-Software >= 4.3.0
WARN: Could not validate image type for "image/exr"
[needle-buildpipeline] info: ← Writing to /Users/jamestunick/Applications/WarpJobs/web-needle-samples/projects/Needle Engine Samples 2021.3/Library/Needle/Sample/node_modules/.needle/build-pipeline/output/DefaultSyncCamera.glb
[needle-buildpipeline] info: ← Compressing done in 0.0 sec, 0.1 MB → 0.0 MB (GPU: 0.0 MB textures): DefaultSyncCamera.glb at /Users/jamestunick/Applications/WarpJobs/web-needle-samples/projects/Needle Engine Samples 2021.3/Library/Needle/Sample/node_modules/.needle/build-pipeline/output/DefaultSyncCamera.glb
[needle-buildpipeline] info: → Transform /Users/jamestunick/Applications/WarpJobs/web-needle-samples/projects/Needle Engine Samples 2021.3/Library/Needle/Sample/dist/assets/Screensharing.glb
[needle-buildpipeline] [NEEDLE_progressive] Skipping, unsupported texture type "image/exr at 1".
[needle-buildpipeline] metalRough: KHR_materials_pbrSpecularGlossiness not found on document.
[needle-buildpipeline] info: → Compressing 0.0 MB: /Users/jamestunick/Applications/WarpJobs/web-needle-samples/projects/Needle Engine Samples 2021.3/Library/Needle/Sample/node_modules/.needle/build-pipeline/output/image_0_2800000_f5a8fed46958d7749a7b2e3336dc2400.glb
[needle-buildpipeline] metalRough: KHR_materials_pbrSpecularGlossiness not found on document.
WARN: Unable to find "toktx". Confirm KTX-Software is installed from: https://github.com/KhronosGroup/KTX-Software.
WARN: toktx not found, skipping texture compression. Please install KTX-Software >= 4.3.0
[needle-buildpipeline] Toktx not found: Skipping texture compression: image/jpeg
[needle-buildpipeline] info: ← Writing to /Users/jamestunick/Applications/WarpJobs/web-needle-samples/projects/Needle Engine Samples 2021.3/Library/Needle/Sample/node_modules/.needle/build-pipeline/output/image_0_2800000_f5a8fed46958d7749a7b2e3336dc2400.glb
[needle-buildpipeline] info: ← Compressing done in 0.0 sec, 0.0 MB → 0.0 MB (GPU: 1.3 MB textures): image_0_2800000_f5a8fed46958d7749a7b2e3336dc2400.glb at /Users/jamestunick/Applications/WarpJobs/web-needle-samples/projects/Needle Engine Samples 2021.3/Library/Needle/Sample/node_modules/.needle/build-pipeline/output/image_0_2800000_f5a8fed46958d7749a7b2e3336dc2400.glb
[needle-buildpipeline] info: → Compressing 0.0 MB: /Users/jamestunick/Applications/WarpJobs/web-needle-samples/projects/Needle Engine Samples 2021.3/Library/Needle/Sample/node_modules/.needle/build-pipeline/output/image_1_2800000_f5a8fed46958d7749a7b2e3336dc2400.glb
[needle-buildpipeline] metalRough: KHR_materials_pbrSpecularGlossiness not found on document.
WARN: Unable to find "toktx". Confirm KTX-Software is installed from: https://github.com/KhronosGroup/KTX-Software.
WARN: toktx not found, skipping texture compression. Please install KTX-Software >= 4.3.0
[needle-buildpipeline] Toktx not found: Skipping texture compression: image/jpeg
[needle-buildpipeline] info: ← Writing to /Users/jamestunick/Applications/WarpJobs/web-needle-samples/projects/Needle Engine Samples 2021.3/Library/Needle/Sample/node_modules/.needle/build-pipeline/output/image_1_2800000_f5a8fed46958d7749a7b2e3336dc2400.glb
[needle-buildpipeline] info: ← Compressing done in 0.0 sec, 0.0 MB → 0.0 MB (GPU: 0.3 MB textures): image_1_2800000_f5a8fed46958d7749a7b2e3336dc2400.glb at /Users/jamestunick/Applications/WarpJobs/web-needle-samples/projects/Needle Engine Samples 2021.3/Library/Needle/Sample/node_modules/.needle/build-pipeline/output/image_1_2800000_f5a8fed46958d7749a7b2e3336dc2400.glb
[needle-buildpipeline] info: → Compressing 0.0 MB: /Users/jamestunick/Applications/WarpJobs/web-needle-samples/projects/Needle Engine Samples 2021.3/Library/Needle/Sample/node_modules/.needle/build-pipeline/output/mesh_lod_0_12507438033704190716_7044747b21db7ef428ba92b671537945.glb
[needle-buildpipeline] metalRough: KHR_materials_pbrSpecularGlossiness not found on document.
WARN: Unable to find "toktx". Confirm KTX-Software is installed from: https://github.com/KhronosGroup/KTX-Software.
WARN: toktx not found, skipping texture compression. Please install KTX-Software >= 4.3.0
[needle-buildpipeline] info: ← Writing to /Users/jamestunick/Applications/WarpJobs/web-needle-samples/projects/Needle Engine Samples 2021.3/Library/Needle/Sample/node_modules/.needle/build-pipeline/output/mesh_lod_0_12507438033704190716_7044747b21db7ef428ba92b671537945.glb
[needle-buildpipeline] info: ← Compressing done in 0.0 sec, 0.0 MB → 0.0 MB (GPU: 0.0 MB textures): mesh_lod_0_12507438033704190716_7044747b21db7ef428ba92b671537945.glb at /Users/jamestunick/Applications/WarpJobs/web-needle-samples/projects/Needle Engine Samples 2021.3/Library/Needle/Sample/node_modules/.needle/build-pipeline/output/mesh_lod_0_12507438033704190716_7044747b21db7ef428ba92b671537945.glb
[needle-buildpipeline] info: → Compressing 0.0 MB: /Users/jamestunick/Applications/WarpJobs/web-needle-samples/projects/Needle Engine Samples 2021.3/Library/Needle/Sample/node_modules/.needle/build-pipeline/output/mesh_lod_1_12507438033704190716_7044747b21db7ef428ba92b671537945.glb
[needle-buildpipeline] metalRough: KHR_materials_pbrSpecularGlossiness not found on document.
WARN: Unable to find "toktx". Confirm KTX-Software is installed from: https://github.com/KhronosGroup/KTX-Software.
WARN: toktx not found, skipping texture compression. Please install KTX-Software >= 4.3.0
[needle-buildpipeline] info: ← Writing to /Users/jamestunick/Applications/WarpJobs/web-needle-samples/projects/Needle Engine Samples 2021.3/Library/Needle/Sample/node_modules/.needle/build-pipeline/output/mesh_lod_1_12507438033704190716_7044747b21db7ef428ba92b671537945.glb
[needle-buildpipeline] info: ← Compressing done in 0.0 sec, 0.0 MB → 0.0 MB (GPU: 0.0 MB textures): mesh_lod_1_12507438033704190716_7044747b21db7ef428ba92b671537945.glb at /Users/jamestunick/Applications/WarpJobs/web-needle-samples/projects/Needle Engine Samples 2021.3/Library/Needle/Sample/node_modules/.needle/build-pipeline/output/mesh_lod_1_12507438033704190716_7044747b21db7ef428ba92b671537945.glb
[needle-buildpipeline] info: → Compressing 0.0 MB: /Users/jamestunick/Applications/WarpJobs/web-needle-samples/projects/Needle Engine Samples 2021.3/Library/Needle/Sample/node_modules/.needle/build-pipeline/output/mesh_lod_5_12507438033704190716_7044747b21db7ef428ba92b671537945.glb
[needle-buildpipeline] metalRough: KHR_materials_pbrSpecularGlossiness not found on document.
WARN: Unable to find "toktx". Confirm KTX-Software is installed from: https://github.com/KhronosGroup/KTX-Software.
WARN: toktx not found, skipping texture compression. Please install KTX-Software >= 4.3.0
[needle-buildpipeline] info: ← Writing to /Users/jamestunick/Applications/WarpJobs/web-needle-samples/projects/Needle Engine Samples 2021.3/Library/Needle/Sample/node_modules/.needle/build-pipeline/output/mesh_lod_5_12507438033704190716_7044747b21db7ef428ba92b671537945.glb
[needle-buildpipeline] info: ← Compressing done in 0.0 sec, 0.0 MB → 0.0 MB (GPU: 0.0 MB textures): mesh_lod_5_12507438033704190716_7044747b21db7ef428ba92b671537945.glb at /Users/jamestunick/Applications/WarpJobs/web-needle-samples/projects/Needle Engine Samples 2021.3/Library/Needle/Sample/node_modules/.needle/build-pipeline/output/mesh_lod_5_12507438033704190716_7044747b21db7ef428ba92b671537945.glb
[needle-buildpipeline] info: → Compressing 0.6 MB: /Users/jamestunick/Applications/WarpJobs/web-needle-samples/projects/Needle Engine Samples 2021.3/Library/Needle/Sample/node_modules/.needle/build-pipeline/output/Screensharing.glb
[needle-buildpipeline] Missing optional extension, "NEEDLE_progressive_mesh_settings".
[needle-buildpipeline] Missing optional extension, "NEEDLE_progressive_texture_settings".
[needle-buildpipeline] metalRough: KHR_materials_pbrSpecularGlossiness not found on document.
WARN: Unable to find "toktx". Confirm KTX-Software is installed from: https://github.com/KhronosGroup/KTX-Software.
WARN: toktx not found, skipping texture compression. Please install KTX-Software >= 4.3.0
WARN: Could not validate image type for "image/exr"
[needle-buildpipeline] Toktx not found: Skipping texture compression: image/jpeg
[needle-buildpipeline] info: ← Writing to /Users/jamestunick/Applications/WarpJobs/web-needle-samples/projects/Needle Engine Samples 2021.3/Library/Needle/Sample/node_modules/.needle/build-pipeline/output/Screensharing.glb
[needle-buildpipeline] info: ← Compressing done in 0.0 sec, 0.6 MB → 0.2 MB (GPU: 0.1 MB textures): Screensharing.glb at /Users/jamestunick/Applications/WarpJobs/web-needle-samples/projects/Needle Engine Samples 2021.3/Library/Needle/Sample/node_modules/.needle/build-pipeline/output/Screensharing.glb
[needle-buildpipeline] info: [Needle Build Pipeline] v2.14.0-alpha — Finished compression "default" of 8 files in 0.0 minutes; total size 0.9 MB → 0.3 MB, total GPU memory: 1.7 MB
[needle-buildpipeline] Limit cache size to 5120.00 MB at /private/var/folders/g8/lq3hx0kx6bsgz3sb9p9_kff80000gn/T/Needle/build-pipeline-cache
[needle-buildpipeline] Current cache size is 3.2 MB
[needle-buildpipeline] Finished successfully
[needle-buildpipeline] Copying files from temporary output directory to final output directory at "/Users/jamestunick/Applications/WarpJobs/web-needle-samples/projects/Needle Engine Samples 2021.3/Library/Needle/Sample/dist/assets"
[needle-buildpipeline] Copied 8 file(s)
[needle-buildinfo] - Build pipeline finished!
[needle-buildinfo] - Begin collecting files in "/Users/jamestunick/Applications/WarpJobs/web-needle-samples/projects/Needle Engine Samples 2021.3/Library/Needle/Sample/dist"
[needle-buildinfo] - Collect files in "/assets"
[needle-buildinfo] - Collect files in "/include"
[needle-buildinfo] - Collect files in "/include/draco"
[needle-buildinfo] - Collect files in "/include/ktx2"
[needle-buildinfo] - Collect files in "/include/needle"
[needle-buildinfo] - Collect files in "/include/three"
[needle-buildinfo] - Collected 45 files (3.71 MB). Writing build info to "/Users/jamestunick/Applications/WarpJobs/web-needle-samples/projects/Needle Engine Samples 2021.3/Library/Needle/Sample/dist/needle.buildinfo.json"
[needle-buildinfo] - Build info file successfully written to "/Users/jamestunick/Applications/WarpJobs/web-needle-samples/projects/Needle Engine Samples 2021.3/Library/Needle/Sample/dist/needle.buildinfo.json"
